A discrete distribution
  name: gamma
  parameters:
    shape: 4.8659169550173
    scale: 1.54133333333333
[1] "1 The current R_0 in  Adams  is:  1.036 with 95% Credibility Interval ( 0.741 , 1.371 )"
A discrete distribution
  name: gamma
  parameters:
    shape: 4.8659169550173
    scale: 1.54133333333333
[1] "2 The current R_0 in  Ashland  is:  1.058 with 95% Credibility Interval ( 0.652 , 1.544 )"
A discrete distribution
  name: gamma
  parameters:
    shape: 4.8659169550173
    scale: 1.54133333333333
[1] "3 The current R_0 in  Barron  is:  1.13 with 95% Credibility Interval ( 0.876 , 1.411 )"
A discrete distribution
  name: gamma
  parameters:
    shape: 4.8659169550173
    scale: 1.54133333333333
[1] "4 The current R_0 in  Bayfield  is:  1.038 with 95% Credibility Interval ( 0.703 , 1.426 )"
A discrete distribution
  name: gamma
  parameters:
    shape: 4.8659169550173
    scale: 1.54133333333333
[1] "5 The current R_0 in  Brown  is:  1.866 with 95% Credibility Interval ( 1.835 , 1.898 )"
A discrete distribution
  name: gamma
  parameters:
    shape: 4.8659169550173
    scale: 1.54133333333333
[1] "6 The current R_0 in  Buffalo  is:  1.207 with 95% Credibility Interval ( 0.888 , 1.567 )"
A discrete distribution
  name: gamma
  parameters:
    shape: 4.8659169550173
    scale: 1.54133333333333
[1] "8 The current R_0 in  Calumet  is:  1.984 with 95% Credibility Interval ( 1.697 , 2.29 )"
A discrete distribution
  name: gamma
  parameters:
    shape: 4.8659169550173
    scale: 1.54133333333333
[1] "9 The current R_0 in  Chippewa  is:  1.184 with 95% Credibility Interval ( 1.039 , 1.337 )"
A discrete distribution
  name: gamma
  parameters:
    shape: 4.8659169550173
    scale: 1.54133333333333
[1] "10 The current R_0 in  Clark  is:  1.122 with 95% Credibility Interval ( 0.974 , 1.279 )"
A discrete distribution
  name: gamma
  parameters:
    shape: 4.8659169550173
    scale: 1.54133333333333
[1] "11 The current R_0 in  Columbia  is:  1.095 with 95% Credibility Interval ( 0.973 , 1.223 )"
A discrete distribution
  name: gamma
  parameters:
    shape: 4.8659169550173
    scale: 1.54133333333333
[1] "12 The current R_0 in  Crawford  is:  1.666 with 95% Credibility Interval ( 1.237 , 2.147 )"
A discrete distribution
  name: gamma
  parameters:
    shape: 4.8659169550173
    scale: 1.54133333333333
[1] "13 The current R_0 in  Dane  is:  1.085 with 95% Credibility Interval ( 1.053 , 1.117 )"
A discrete distribution
  name: gamma
  parameters:
    shape: 4.8659169550173
    scale: 1.54133333333333
[1] "14 The current R_0 in  Dodge  is:  1.424 with 95% Credibility Interval ( 1.283 , 1.57 )"
A discrete distribution
  name: gamma
  parameters:
    shape: 4.8659169550173
    scale: 1.54133333333333
[1] "15 The current R_0 in  Door  is:  1.44 with 95% Credibility Interval ( 1.217 , 1.678 )"
A discrete distribution
  name: gamma
  parameters:
    shape: 4.8659169550173
    scale: 1.54133333333333
[1] "16 The current R_0 in  Douglas  is:  1.057 with 95% Credibility Interval ( 0.851 , 1.281 )"
A discrete distribution
  name: gamma
  parameters:
    shape: 4.8659169550173
    scale: 1.54133333333333
[1] "17 The current R_0 in  Dunn  is:  1.241 with 95% Credibility Interval ( 1.02 , 1.479 )"
A discrete distribution
  name: gamma
  parameters:
    shape: 4.8659169550173
    scale: 1.54133333333333
[1] "18 The current R_0 in  Eau Claire  is:  1.449 with 95% Credibility Interval ( 1.303 , 1.601 )"
A discrete distribution
  name: gamma
  parameters:
    shape: 4.8659169550173
    scale: 1.54133333333333
[1] "19 The current R_0 in  Florence  is:  1.057 with 95% Credibility Interval ( 0.651 , 1.542 )"
A discrete distribution
  name: gamma
  parameters:
    shape: 4.8659169550173
    scale: 1.54133333333333
[1] "20 The current R_0 in  Fond du Lac  is:  1.104 with 95% Credibility Interval ( 1.026 , 1.185 )"
A discrete distribution
  name: gamma
  parameters:
    shape: 4.8659169550173
    scale: 1.54133333333333
[1] "22 The current R_0 in  Grant  is:  1.612 with 95% Credibility Interval ( 1.47 , 1.76 )"
A discrete distribution
  name: gamma
  parameters:
    shape: 4.8659169550173
    scale: 1.54133333333333
[1] "23 The current R_0 in  Green  is:  1.464 with 95% Credibility Interval ( 1.242 , 1.701 )"
A discrete distribution
  name: gamma
  parameters:
    shape: 4.8659169550173
    scale: 1.54133333333333
[1] "24 The current R_0 in  Green Lake  is:  2.487 with 95% Credibility Interval ( 1.755 , 3.323 )"
A discrete distribution
  name: gamma
  parameters:
    shape: 4.8659169550173
    scale: 1.54133333333333
[1] "25 The current R_0 in  Iowa  is:  1.098 with 95% Credibility Interval ( 0.862 , 1.358 )"
A discrete distribution
  name: gamma
  parameters:
    shape: 4.8659169550173
    scale: 1.54133333333333
[1] "26 The current R_0 in  Iron  is:  1.057 with 95% Credibility Interval ( 0.652 , 1.543 )"
A discrete distribution
  name: gamma
  parameters:
    shape: 4.8659169550173
    scale: 1.54133333333333
[1] "27 The current R_0 in  Jackson  is:  1.024 with 95% Credibility Interval ( 0.849 , 1.212 )"
A discrete distribution
  name: gamma
  parameters:
    shape: 4.8659169550173
    scale: 1.54133333333333
[1] "28 The current R_0 in  Jefferson  is:  1.185 with 95% Credibility Interval ( 1.078 , 1.295 )"
A discrete distribution
  name: gamma
  parameters:
    shape: 4.8659169550173
    scale: 1.54133333333333
[1] "29 The current R_0 in  Juneau  is:  1.433 with 95% Credibility Interval ( 1.229 , 1.649 )"
A discrete distribution
  name: gamma
  parameters:
    shape: 4.8659169550173
    scale: 1.54133333333333
[1] "30 The current R_0 in  Kenosha  is:  1.544 with 95% Credibility Interval ( 1.502 , 1.586 )"
A discrete distribution
  name: gamma
  parameters:
    shape: 4.8659169550173
    scale: 1.54133333333333
[1] "31 The current R_0 in  Kewaunee  is:  1.764 with 95% Credibility Interval ( 1.518 , 2.026 )"
A discrete distribution
  name: gamma
  parameters:
    shape: 4.8659169550173
    scale: 1.54133333333333
[1] "32 The current R_0 in  La Crosse  is:  1.144 with 95% Credibility Interval ( 1.017 , 1.276 )"
A discrete distribution
  name: gamma
  parameters:
    shape: 4.8659169550173
    scale: 1.54133333333333
[1] "33 The current R_0 in  Lafayette  is:  1.517 with 95% Credibility Interval ( 1.157 , 1.916 )"
A discrete distribution
  name: gamma
  parameters:
    shape: 4.8659169550173
    scale: 1.54133333333333
[1] "36 The current R_0 in  Manitowoc  is:  1.458 with 95% Credibility Interval ( 1.222 , 1.711 )"
A discrete distribution
  name: gamma
  parameters:
    shape: 4.8659169550173
    scale: 1.54133333333333
[1] "37 The current R_0 in  Marathon  is:  1.121 with 95% Credibility Interval ( 0.967 , 1.283 )"
A discrete distribution
  name: gamma
  parameters:
    shape: 4.8659169550173
    scale: 1.54133333333333
[1] "38 The current R_0 in  Marinette  is:  1.494 with 95% Credibility Interval ( 1.222 , 1.789 )"
A discrete distribution
  name: gamma
  parameters:
    shape: 4.8659169550173
    scale: 1.54133333333333
[1] "39 The current R_0 in  Marquette  is:  1.041 with 95% Credibility Interval ( 0.705 , 1.431 )"
A discrete distribution
  name: gamma
  parameters:
    shape: 4.8659169550173
    scale: 1.54133333333333
[1] "40 The current R_0 in  Menominee  is:  1.111 with 95% Credibility Interval ( 0.553 , 1.826 )"
A discrete distribution
  name: gamma
  parameters:
    shape: 4.8659169550173
    scale: 1.54133333333333
[1] "41 The current R_0 in  Milwaukee  is:  1.246 with 95% Credibility Interval ( 1.232 , 1.26 )"
A discrete distribution
  name: gamma
  parameters:
    shape: 4.8659169550173
    scale: 1.54133333333333
[1] "42 The current R_0 in  Monroe  is:  1.029 with 95% Credibility Interval ( 0.865 , 1.205 )"
A discrete distribution
  name: gamma
  parameters:
    shape: 4.8659169550173
    scale: 1.54133333333333
[1] "43 The current R_0 in  Oconto  is:  2.33 with 95% Credibility Interval ( 1.991 , 2.693 )"
A discrete distribution
  name: gamma
  parameters:
    shape: 4.8659169550173
    scale: 1.54133333333333
[1] "44 The current R_0 in  Oneida  is:  1.02 with 95% Credibility Interval ( 0.778 , 1.288 )"
A discrete distribution
  name: gamma
  parameters:
    shape: 4.8659169550173
    scale: 1.54133333333333
[1] "45 The current R_0 in  Outagamie  is:  1.502 with 95% Credibility Interval ( 1.391 , 1.617 )"
A discrete distribution
  name: gamma
  parameters:
    shape: 4.8659169550173
    scale: 1.54133333333333
[1] "46 The current R_0 in  Ozaukee  is:  1.098 with 95% Credibility Interval ( 1.027 , 1.17 )"
A discrete distribution
  name: gamma
  parameters:
    shape: 4.8659169550173
    scale: 1.54133333333333
[1] "47 The current R_0 in  Pepin  is:  4.908 with 95% Credibility Interval ( 0.252 , 14.703 )"
A discrete distribution
  name: gamma
  parameters:
    shape: 4.8659169550173
    scale: 1.54133333333333
[1] "48 The current R_0 in  Pierce  is:  1.2 with 95% Credibility Interval ( 0.978 , 1.439 )"
A discrete distribution
  name: gamma
  parameters:
    shape: 4.8659169550173
    scale: 1.54133333333333
[1] "49 The current R_0 in  Polk  is:  1.072 with 95% Credibility Interval ( 0.772 , 1.413 )"
A discrete distribution
  name: gamma
  parameters:
    shape: 4.8659169550173
    scale: 1.54133333333333
[1] "50 The current R_0 in  Portage  is:  1.46 with 95% Credibility Interval ( 1.118 , 1.84 )"
A discrete distribution
  name: gamma
  parameters:
    shape: 4.8659169550173
    scale: 1.54133333333333
[1] "51 The current R_0 in  Price  is:  1.113 with 95% Credibility Interval ( 0.554 , 1.83 )"
A discrete distribution
  name: gamma
  parameters:
    shape: 4.8659169550173
    scale: 1.54133333333333
[1] "52 The current R_0 in  Racine  is:  1.683 with 95% Credibility Interval ( 1.634 , 1.733 )"
A discrete distribution
  name: gamma
  parameters:
    shape: 4.8659169550173
    scale: 1.54133333333333
[1] "53 The current R_0 in  Richland  is:  1.23 with 95% Credibility Interval ( 1.024 , 1.452 )"
A discrete distribution
  name: gamma
  parameters:
    shape: 4.8659169550173
    scale: 1.54133333333333
[1] "54 The current R_0 in  Rock  is:  1.781 with 95% Credibility Interval ( 1.713 , 1.85 )"
A discrete distribution
  name: gamma
  parameters:
    shape: 4.8659169550173
    scale: 1.54133333333333
[1] "55 The current R_0 in  Rusk  is:  1.038 with 95% Credibility Interval ( 0.742 , 1.374 )"
A discrete distribution
  name: gamma
  parameters:
    shape: 4.8659169550173
    scale: 1.54133333333333
[1] "56 The current R_0 in  St. Croix  is:  1.424 with 95% Credibility Interval ( 1.226 , 1.635 )"
A discrete distribution
  name: gamma
  parameters:
    shape: 4.8659169550173
    scale: 1.54133333333333
[1] "57 The current R_0 in  Sauk  is:  1.512 with 95% Credibility Interval ( 1.395 , 1.633 )"
A discrete distribution
  name: gamma
  parameters:
    shape: 4.8659169550173
    scale: 1.54133333333333
[1] "58 The current R_0 in  Sawyer  is:  1.393 with 95% Credibility Interval ( 0.969 , 1.881 )"
A discrete distribution
  name: gamma
  parameters:
    shape: 4.8659169550173
    scale: 1.54133333333333
[1] "59 The current R_0 in  Shawano  is:  1.835 with 95% Credibility Interval ( 1.554 , 2.135 )"
A discrete distribution
  name: gamma
  parameters:
    shape: 4.8659169550173
    scale: 1.54133333333333
[1] "60 The current R_0 in  Sheboygan  is:  1.165 with 95% Credibility Interval ( 1.067 , 1.267 )"
A discrete distribution
  name: gamma
  parameters:
    shape: 4.8659169550173
    scale: 1.54133333333333
[1] "62 The current R_0 in  Trempealeau  is:  1.948 with 95% Credibility Interval ( 1.365 , 2.616 )"
A discrete distribution
  name: gamma
  parameters:
    shape: 4.8659169550173
    scale: 1.54133333333333
[1] "63 The current R_0 in  Vernon  is:  2.079 with 95% Credibility Interval ( 1.166 , 3.206 )"
A discrete distribution
  name: gamma
  parameters:
    shape: 4.8659169550173
    scale: 1.54133333333333
[1] "64 The current R_0 in  Vilas  is:  1.028 with 95% Credibility Interval ( 0.736 , 1.361 )"
A discrete distribution
  name: gamma
  parameters:
    shape: 4.8659169550173
    scale: 1.54133333333333
[1] "65 The current R_0 in  Walworth  is:  1.507 with 95% Credibility Interval ( 1.44 , 1.575 )"
A discrete distribution
  name: gamma
  parameters:
    shape: 4.8659169550173
    scale: 1.54133333333333
[1] "66 The current R_0 in  Washburn  is:  1.129 with 95% Credibility Interval ( 0.562 , 1.855 )"
A discrete distribution
  name: gamma
  parameters:
    shape: 4.8659169550173
    scale: 1.54133333333333
[1] "67 The current R_0 in  Washington  is:  1.108 with 95% Credibility Interval ( 1.04 , 1.177 )"
A discrete distribution
  name: gamma
  parameters:
    shape: 4.8659169550173
    scale: 1.54133333333333
[1] "68 The current R_0 in  Waukesha  is:  1.18 with 95% Credibility Interval ( 1.142 , 1.22 )"
A discrete distribution
  name: gamma
  parameters:
    shape: 4.8659169550173
    scale: 1.54133333333333
[1] "69 The current R_0 in  Waupaca  is:  1.45 with 95% Credibility Interval ( 1.175 , 1.748 )"
A discrete distribution
  name: gamma
  parameters:
    shape: 4.8659169550173
    scale: 1.54133333333333
[1] "70 The current R_0 in  Waushara  is:  1.338 with 95% Credibility Interval ( 0.876 , 1.88 )"
A discrete distribution
  name: gamma
  parameters:
    shape: 4.8659169550173
    scale: 1.54133333333333
[1] "71 The current R_0 in  Winnebago  is:  1.464 with 95% Credibility Interval ( 1.357 , 1.574 )"
A discrete distribution
  name: gamma
  parameters:
    shape: 4.8659169550173
    scale: 1.54133333333333
[1] "72 The current R_0 in  Wood  is:  1.056 with 95% Credibility Interval ( 0.651 , 1.541 )"
Warning messages:
1: In estimate_R_func(incid = incid, method = method, si_sample = si_sample,  ... :
  You're estimating R too early in the epidemic to get the desired
            posterior CV.
2: In estimate_R_func(incid = incid, method = method, si_sample = si_sample,  ... :
  You're estimating R too early in the epidemic to get the desired
            posterior CV.
3: In estimate_R_func(incid = incid, method = method, si_sample = si_sample,  ... :
  You're estimating R too early in the epidemic to get the desired
            posterior CV.
4: In estimate_R_func(incid = incid, method = method, si_sample = si_sample,  ... :
  You're estimating R too early in the epidemic to get the desired
            posterior CV.
5: In estimate_R_func(incid = incid, method = method, si_sample = si_sample,  ... :
  You're estimating R too early in the epidemic to get the desired
            posterior CV.
6: In estimate_R_func(incid = incid, method = method, si_sample = si_sample,  ... :
  You're estimating R too early in the epidemic to get the desired
            posterior CV.
7: In estimate_R_func(incid = incid, method = method, si_sample = si_sample,  ... :
  You're estimating R too early in the epidemic to get the desired
            posterior CV.
8: In estimate_R_func(incid = incid, method = method, si_sample = si_sample,  ... :
  You're estimating R too early in the epidemic to get the desired
            posterior CV.
9: In estimate_R_func(incid = incid, method = method, si_sample = si_sample,  ... :
  You're estimating R too early in the epidemic to get the desired
            posterior CV.
10: In estimate_R_func(incid = incid, method = method, si_sample = si_sample,  ... :
  You're estimating R too early in the epidemic to get the desired
            posterior CV.
11: In estimate_R_func(incid = incid, method = method, si_sample = si_sample,  ... :
  You're estimating R too early in the epidemic to get the desired
            posterior CV.
12: In estimate_R_func(incid = incid, method = method, si_sample = si_sample,  ... :
  You're estimating R too early in the epidemic to get the desired
            posterior CV.
13: In estimate_R_func(incid = incid, method = method, si_sample = si_sample,  ... :
  You're estimating R too early in the epidemic to get the desired
            posterior CV.
14: In estimate_R_func(incid = incid, method = method, si_sample = si_sample,  ... :
  You're estimating R too early in the epidemic to get the desired
            posterior CV.
15: In estimate_R_func(incid = incid, method = method, si_sample = si_sample,  ... :
  You're estimating R too early in the epidemic to get the desired
            posterior CV.
16: In estimate_R_func(incid = incid, method = method, si_sample = si_sample,  ... :
  You're estimating R too early in the epidemic to get the desired
            posterior CV.
17: In estimate_R_func(incid = incid, method = method, si_sample = si_sample,  ... :
  You're estimating R too early in the epidemic to get the desired
            posterior CV.
18: In estimate_R_func(incid = incid, method = method, si_sample = si_sample,  ... :
  You're estimating R too early in the epidemic to get the desired
            posterior CV.
19: In estimate_R_func(incid = incid, method = method, si_sample = si_sample,  ... :
  You're estimating R too early in the epidemic to get the desired
            posterior CV.
20: In estimate_R_func(incid = incid, method = method, si_sample = si_sample,  ... :
  You're estimating R too early in the epidemic to get the desired
            posterior CV.
21: In estimate_R_func(incid = incid, method = method, si_sample = si_sample,  ... :
  You're estimating R too early in the epidemic to get the desired
            posterior CV.
22: In check_si_distr(si_distr, "warning") : si_distr does not sum to 1.
23: In estimate_R_func(incid = incid, method = method, si_sample = si_sample,  ... :
  You're estimating R too early in the epidemic to get the desired
            posterior CV.
24: In estimate_R_func(incid = incid, method = method, si_sample = si_sample,  ... :
  You're estimating R too early in the epidemic to get the desired
            posterior CV.
25: In estimate_R_func(incid = incid, method = method, si_sample = si_sample,  ... :
  You're estimating R too early in the epidemic to get the desired
            posterior CV.
null device 
          1 
